V3 3
FL "C:/Users/dsed12/Desktop/DSED/Practica 3/PIC/lib/RS232_test.vhd" 2015/11/03.10:19:40 P.20131013
PH RS232_test/RS232_test 0 \
      FL "C:/Users/dsed12/Desktop/DSED/Practica 3/PIC/lib/RS232_test.vhd" \
      PB ieee/std_logic_1164 1381692176
PB RS232_test/RS232_test 0 \
      FL "C:/Users/dsed12/Desktop/DSED/Practica 3/PIC/lib/RS232_test.vhd" \
      PH RS232_test/RS232_test 0
